Uncaught ReferenceError: AddPostModal is not defined
    at TheWall (TheWall.jsx:101:14)
react-dom_client.js?v=9f4f9ff3:14052 The above error occurred in the <TheWall> component:

    at TheWall (http://localhost:5173/Serious-studies-Only/src/components/TheWall.jsx:24:3)
    at div
    at App (http://localhost:5173/Serious-studies-Only/src/App.jsx:30:27)

Consider adding an error boundary to your tree to customize error handling behavior.
Visit https://reactjs.org/link/error-boundaries to learn more about error boundaries.
react-dom_client.js?v=9f4f9ff3:19441 Uncaught ReferenceError: AddPostModal is not defined
    at TheWall (TheWall.jsx:101:14)
